Archive member included because of file (symbol)

/usr/lib/gcc/avr/4.5.3/avr5/libgcc.a(_mulsi3.o)
                              ./main.o (__mulsi3)
/usr/lib/gcc/avr/4.5.3/avr5/libgcc.a(_udivmodhi4.o)
                              ./main.o (__udivmodhi4)
/usr/lib/gcc/avr/4.5.3/avr5/libgcc.a(_divmodhi4.o)
                              ./main.o (__divmodhi4)
/usr/lib/gcc/avr/4.5.3/avr5/libgcc.a(_udivmodsi4.o)
                              ./main.o (__udivmodsi4)
/usr/lib/gcc/avr/4.5.3/avr5/libgcc.a(_exit.o)
                              /usr/lib/gcc/avr/4.5.3/../../../avr/lib/avr5/crtm168.o (exit)
/usr/lib/gcc/avr/4.5.3/avr5/libgcc.a(_copy_data.o)
                              ./main.o (__do_copy_data)
/usr/lib/gcc/avr/4.5.3/avr5/libgcc.a(_clear_bss.o)
                              ./main.o (__do_clear_bss)
/usr/lib/gcc/avr/4.5.3/../../../avr/lib/avr5/libc.a(malloc.o)
                              ./main.o (malloc)
/usr/lib/gcc/avr/4.5.3/../../../avr/lib/avr5/libc.a(memcpy.o)
                              ./main.o (memcpy)
/usr/lib/gcc/avr/4.5.3/../../../avr/lib/avr5/libc.a(memset.o)
                              ./main.o (memset)
/usr/lib/gcc/avr/4.5.3/../../../avr/lib/avr5/libc.a(strcpy.o)
                              ./main.o (strcpy)
/usr/lib/gcc/avr/4.5.3/../../../avr/lib/avr5/libc.a(strupr.o)
                              ./main.o (strupr)
/usr/lib/gcc/avr/4.5.3/../../../avr/lib/avr5/libc.a(sprintf.o)
                              ./main.o (sprintf)
/usr/lib/gcc/avr/4.5.3/../../../avr/lib/avr5/libc.a(vfprintf_std.o)
                              /usr/lib/gcc/avr/4.5.3/../../../avr/lib/avr5/libc.a(sprintf.o) (vfprintf)
/usr/lib/gcc/avr/4.5.3/../../../avr/lib/avr5/libc.a(eerd_block_atmega168.o)
                              ./main.o (__eerd_block_m168)
/usr/lib/gcc/avr/4.5.3/../../../avr/lib/avr5/libc.a(eerd_byte_atmega168.o)
                              ./main.o (__eerd_byte_m168)
/usr/lib/gcc/avr/4.5.3/../../../avr/lib/avr5/libc.a(eewr_byte_atmega168.o)
                              ./main.o (__eewr_byte_m168)
/usr/lib/gcc/avr/4.5.3/../../../avr/lib/avr5/libc.a(strnlen_P.o)
                              /usr/lib/gcc/avr/4.5.3/../../../avr/lib/avr5/libc.a(vfprintf_std.o) (strnlen_P)
/usr/lib/gcc/avr/4.5.3/../../../avr/lib/avr5/libc.a(strnlen.o)
                              /usr/lib/gcc/avr/4.5.3/../../../avr/lib/avr5/libc.a(vfprintf_std.o) (strnlen)
/usr/lib/gcc/avr/4.5.3/../../../avr/lib/avr5/libc.a(fputc.o)
                              /usr/lib/gcc/avr/4.5.3/../../../avr/lib/avr5/libc.a(vfprintf_std.o) (fputc)
/usr/lib/gcc/avr/4.5.3/../../../avr/lib/avr5/libc.a(ultoa_invert.o)
                              /usr/lib/gcc/avr/4.5.3/../../../avr/lib/avr5/libc.a(vfprintf_std.o) (__ultoa_invert)
/usr/lib/gcc/avr/4.5.3/avr5/libgcc.a(_prologue.o)
                              /usr/lib/gcc/avr/4.5.3/../../../avr/lib/avr5/libc.a(sprintf.o) (__prologue_saves__)
/usr/lib/gcc/avr/4.5.3/avr5/libgcc.a(_epilogue.o)
                              /usr/lib/gcc/avr/4.5.3/../../../avr/lib/avr5/libc.a(sprintf.o) (__epilogue_restores__)

Allocating common symbols
Common symbol       size              file

enc_a               0x1               ./main.o
cur_timer           0x4               ./main.o
st_sine_lookup      0x1               ./main.o
default_mode        0x1               ./main.o
timer               0x4               ./main.o
prev_state          0x1               ./main.o
dit_length          0x2               ./main.o
msg_buffer          0x29              ./main.o
st_phase_acc        0x4               ./main.o
cur_mode            0x1               ./main.o
freq                0x4               ./main.o
next_state          0x1               ./main.o
tx_start            0x4               ./main.o
dds_freq_word       0x4               ./main.o
st_tune_word        0x4               ./main.o
prev_state_end      0x4               ./main.o
prev_mode           0x1               ./main.o
port_d_latch        0x1               ./main.o
st_freq             0x2               ./main.o
dds_rit_freq_word   0x4               ./main.o
dah_active          0x1               ./main.o
msg_btn             0x1               ./main.o
both_btn            0x1               ./main.o
__brkval            0x2               /usr/lib/gcc/avr/4.5.3/../../../avr/lib/avr5/libc.a(malloc.o)
cmd_btn             0x1               ./main.o
cur_state           0x1               ./main.o
ind                 0x1               ./main.o
port_b_latch        0x1               ./main.o
prev_st_freq        0x2               ./main.o
sleep_timer         0x4               ./main.o
enc_btn             0x1               ./main.o
cur_state_end       0x4               ./main.o
mute_end            0x4               ./main.o
dit_active          0x1               ./main.o
pwm_delay           0x1               ./main.o
tune_freq           0x4               ./main.o
wpm                 0x1               ./main.o
mute_start          0x4               ./main.o
announce_buffer     0x2               ./main.o
__flp               0x2               /usr/lib/gcc/avr/4.5.3/../../../avr/lib/avr5/libc.a(malloc.o)
tx_end              0x4               ./main.o
enc_b               0x1               ./main.o
rit_enable          0x1               ./main.o
prev_wpm            0x1               ./main.o

Memory Configuration

Name             Origin             Length             Attributes
text             0x00000000         0x00020000         xr
data             0x00800060         0x0000ffa0         rw !x
eeprom           0x00810000         0x00010000         rw !x
fuse             0x00820000         0x00000400         rw !x
lock             0x00830000         0x00000400         rw !x
signature        0x00840000         0x00000400         rw !x
*default*        0x00000000         0xffffffff

Linker script and memory map

Address of section .data set to 0x800100
LOAD /usr/lib/gcc/avr/4.5.3/../../../avr/lib/avr5/crtm168.o
LOAD ./main.o
LOAD /usr/lib/gcc/avr/4.5.3/avr5/libgcc.a
LOAD /usr/lib/gcc/avr/4.5.3/../../../avr/lib/avr5/libc.a
LOAD /usr/lib/gcc/avr/4.5.3/avr5/libgcc.a

.hash
 *(.hash)

.dynsym
 *(.dynsym)

.dynstr
 *(.dynstr)

.gnu.version
 *(.gnu.version)

.gnu.version_d
 *(.gnu.version_d)

.gnu.version_r
 *(.gnu.version_r)

.rel.init
 *(.rel.init)

.rela.init
 *(.rela.init)

.rel.text
 *(.rel.text)
 *(.rel.text.*)
 *(.rel.gnu.linkonce.t*)

.rela.text
 *(.rela.text)
 *(.rela.text.*)
 *(.rela.gnu.linkonce.t*)

.rel.fini
 *(.rel.fini)

.rela.fini
 *(.rela.fini)

.rel.rodata
 *(.rel.rodata)
 *(.rel.rodata.*)
 *(.rel.gnu.linkonce.r*)

.rela.rodata
 *(.rela.rodata)
 *(.rela.rodata.*)
 *(.rela.gnu.linkonce.r*)

.rel.data
 *(.rel.data)
 *(.rel.data.*)
 *(.rel.gnu.linkonce.d*)

.rela.data
 *(.rela.data)
 *(.rela.data.*)
 *(.rela.gnu.linkonce.d*)

.rel.ctors
 *(.rel.ctors)

.rela.ctors
 *(.rela.ctors)

.rel.dtors
 *(.rel.dtors)

.rela.dtors
 *(.rela.dtors)

.rel.got
 *(.rel.got)

.rela.got
 *(.rela.got)

.rel.bss
 *(.rel.bss)

.rela.bss
 *(.rela.bss)

.rel.plt
 *(.rel.plt)

.rela.plt
 *(.rela.plt)

.text           0x00000000     0x3bb8
 *(.vectors)
 .vectors       0x00000000       0x68 /usr/lib/gcc/avr/4.5.3/../../../avr/lib/avr5/crtm168.o
                0x00000000                __vectors
                0x00000000                __vector_default
 *(.vectors)
 *(.progmem.gcc*)
 *(.progmem*)
 .progmem.data  0x00000068      0x13b ./main.o
                0x00000068                morsechar
                0x000000a3                sinewave
                0x000001a4                . = ALIGN (0x2)
 *fill*         0x000001a3        0x1 00
                0x000001a4                __trampolines_start = .
 *(.trampolines)
 .trampolines   0x000001a4        0x0 linker stubs
 *(.trampolines*)
                0x000001a4                __trampolines_end = .
 *(.jumptables)
 *(.jumptables*)
 *(.lowtext)
 *(.lowtext*)
                0x000001a4                __ctors_start = .
 *(.ctors)
                0x000001a4                __ctors_end = .
                0x000001a4                __dtors_start = .
 *(.dtors)
                0x000001a4                __dtors_end = .
 SORT(*)(.ctors)
 SORT(*)(.dtors)
 *(.init0)
 .init0         0x000001a4        0x0 /usr/lib/gcc/avr/4.5.3/../../../avr/lib/avr5/crtm168.o
                0x000001a4                __init
 *(.init0)
 *(.init1)
 *(.init1)
 *(.init2)
 .init2         0x000001a4        0xc /usr/lib/gcc/avr/4.5.3/../../../avr/lib/avr5/crtm168.o
 *(.init2)
 *(.init3)
 *(.init3)
 *(.init4)
 .init4         0x000001b0       0x16 /usr/lib/gcc/avr/4.5.3/avr5/libgcc.a(_copy_data.o)
                0x000001b0                __do_copy_data
 .init4         0x000001c6       0x10 /usr/lib/gcc/avr/4.5.3/avr5/libgcc.a(_clear_bss.o)
                0x000001c6                __do_clear_bss
 *(.init4)
 *(.init5)
 *(.init5)
 *(.init6)
 *(.init6)
 *(.init7)
 *(.init7)
 *(.init8)
 *(.init8)
 *(.init9)
 .init9         0x000001d6        0x8 /usr/lib/gcc/avr/4.5.3/../../../avr/lib/avr5/crtm168.o
 *(.init9)
 *(.text)
 .text          0x000001de        0x4 /usr/lib/gcc/avr/4.5.3/../../../avr/lib/avr5/crtm168.o
                0x000001de                __vector_22
                0x000001de                __vector_1
                0x000001de                __vector_24
                0x000001de                __vector_12
                0x000001de                __bad_interrupt
                0x000001de                __vector_6
                0x000001de                __vector_3
                0x000001de                __vector_23
                0x000001de                __vector_25
                0x000001de                __vector_13
                0x000001de                __vector_17
                0x000001de                __vector_19
                0x000001de                __vector_4
                0x000001de                __vector_9
                0x000001de                __vector_2
                0x000001de                __vector_21
                0x000001de                __vector_15
                0x000001de                __vector_8
                0x000001de                __vector_14
                0x000001de                __vector_10
                0x000001de                __vector_16
                0x000001de                __vector_18
                0x000001de                __vector_20
 .text          0x000001e2     0x304c ./main.o
                0x000001e2                __vector_11
                0x000002ba                __vector_7
                0x000003fa                __vector_5
                0x00000498                init
                0x000007dc                set_wpm
                0x0000080c                debounce
                0x00000cc2                announce
                0x00000d88                read_voltage
                0x00000e9a                count_frequency
                0x00000f9e                poll_buttons
                0x000014f2                tune_dds
                0x000015ae                send_dds_word
                0x00001632                set_dds_freq_reg
                0x0000165e                set_st_freq
                0x000016ac                main
 .text          0x0000322e        0x0 /usr/lib/gcc/avr/4.5.3/avr5/libgcc.a(_mulsi3.o)
 .text          0x0000322e        0x0 /usr/lib/gcc/avr/4.5.3/avr5/libgcc.a(_udivmodhi4.o)
 .text          0x0000322e        0x0 /usr/lib/gcc/avr/4.5.3/avr5/libgcc.a(_divmodhi4.o)
 .text          0x0000322e        0x0 /usr/lib/gcc/avr/4.5.3/avr5/libgcc.a(_udivmodsi4.o)
 .text          0x0000322e        0x0 /usr/lib/gcc/avr/4.5.3/avr5/libgcc.a(_exit.o)
 .text          0x0000322e        0x0 /usr/lib/gcc/avr/4.5.3/avr5/libgcc.a(_copy_data.o)
 .text          0x0000322e        0x0 /usr/lib/gcc/avr/4.5.3/avr5/libgcc.a(_clear_bss.o)
 .text          0x0000322e        0x0 /usr/lib/gcc/avr/4.5.3/../../../avr/lib/avr5/libc.a(malloc.o)
 .text          0x0000322e        0x0 /usr/lib/gcc/avr/4.5.3/../../../avr/lib/avr5/libc.a(memcpy.o)
 .text          0x0000322e        0x0 /usr/lib/gcc/avr/4.5.3/../../../avr/lib/avr5/libc.a(memset.o)
 .text          0x0000322e        0x0 /usr/lib/gcc/avr/4.5.3/../../../avr/lib/avr5/libc.a(strcpy.o)
 .text          0x0000322e        0x0 /usr/lib/gcc/avr/4.5.3/../../../avr/lib/avr5/libc.a(strupr.o)
 .text          0x0000322e        0x0 /usr/lib/gcc/avr/4.5.3/../../../avr/lib/avr5/libc.a(sprintf.o)
 .text          0x0000322e        0x0 /usr/lib/gcc/avr/4.5.3/../../../avr/lib/avr5/libc.a(vfprintf_std.o)
 .text          0x0000322e        0x0 /usr/lib/gcc/avr/4.5.3/../../../avr/lib/avr5/libc.a(eerd_block_atmega168.o)
 .text          0x0000322e        0x0 /usr/lib/gcc/avr/4.5.3/../../../avr/lib/avr5/libc.a(eerd_byte_atmega168.o)
 .text          0x0000322e        0x0 /usr/lib/gcc/avr/4.5.3/../../../avr/lib/avr5/libc.a(eewr_byte_atmega168.o)
 .text          0x0000322e        0x0 /usr/lib/gcc/avr/4.5.3/../../../avr/lib/avr5/libc.a(strnlen_P.o)
 .text          0x0000322e        0x0 /usr/lib/gcc/avr/4.5.3/../../../avr/lib/avr5/libc.a(strnlen.o)
 .text          0x0000322e        0x0 /usr/lib/gcc/avr/4.5.3/../../../avr/lib/avr5/libc.a(fputc.o)
 .text          0x0000322e        0x0 /usr/lib/gcc/avr/4.5.3/../../../avr/lib/avr5/libc.a(ultoa_invert.o)
 .text          0x0000322e        0x0 /usr/lib/gcc/avr/4.5.3/avr5/libgcc.a(_prologue.o)
 .text          0x0000322e        0x0 /usr/lib/gcc/avr/4.5.3/avr5/libgcc.a(_epilogue.o)
                0x0000322e                . = ALIGN (0x2)
 *(.text.*)
 .text.libgcc   0x0000322e       0x3e /usr/lib/gcc/avr/4.5.3/avr5/libgcc.a(_mulsi3.o)
                0x0000322e                __mulsi3
 .text.libgcc   0x0000326c       0x28 /usr/lib/gcc/avr/4.5.3/avr5/libgcc.a(_udivmodhi4.o)
                0x0000326c                __udivmodhi4
 .text.libgcc   0x00003294       0x26 /usr/lib/gcc/avr/4.5.3/avr5/libgcc.a(_divmodhi4.o)
                0x00003294                __divmodhi4
                0x00003294                _div
 .text.libgcc   0x000032ba       0x44 /usr/lib/gcc/avr/4.5.3/avr5/libgcc.a(_udivmodsi4.o)
                0x000032ba                __udivmodsi4
 .text.libgcc   0x000032fe        0x0 /usr/lib/gcc/avr/4.5.3/avr5/libgcc.a(_exit.o)
 .text.libgcc   0x000032fe        0x0 /usr/lib/gcc/avr/4.5.3/avr5/libgcc.a(_copy_data.o)
 .text.libgcc   0x000032fe        0x0 /usr/lib/gcc/avr/4.5.3/avr5/libgcc.a(_clear_bss.o)
 .text.avr-libc
                0x000032fe      0x266 /usr/lib/gcc/avr/4.5.3/../../../avr/lib/avr5/libc.a(malloc.o)
                0x000032fe                malloc
                0x00003432                free
 .text.avr-libc
                0x00003564       0x12 /usr/lib/gcc/avr/4.5.3/../../../avr/lib/avr5/libc.a(memcpy.o)
                0x00003564                memcpy
 .text.avr-libc
                0x00003576        0xe /usr/lib/gcc/avr/4.5.3/../../../avr/lib/avr5/libc.a(memset.o)
                0x00003576                memset
 .text.avr-libc
                0x00003584        0xe /usr/lib/gcc/avr/4.5.3/../../../avr/lib/avr5/libc.a(strcpy.o)
                0x00003584                strcpy
 .text.avr-libc
                0x00003592       0x14 /usr/lib/gcc/avr/4.5.3/../../../avr/lib/avr5/libc.a(strupr.o)
                0x00003592                strupr
 .text.avr-libc
                0x000035a6       0x46 /usr/lib/gcc/avr/4.5.3/../../../avr/lib/avr5/libc.a(sprintf.o)
                0x000035a6                sprintf
 .text.avr-libc
                0x000035ec      0x3ce /usr/lib/gcc/avr/4.5.3/../../../avr/lib/avr5/libc.a(vfprintf_std.o)
                0x000035ec                vfprintf
 .text.avr-libc
                0x000039ba       0x20 /usr/lib/gcc/avr/4.5.3/../../../avr/lib/avr5/libc.a(eerd_block_atmega168.o)
                0x000039ba                __eerd_block_m168
                0x000039be                __eerd_blraw_m168
 .text.avr-libc
                0x000039da       0x10 /usr/lib/gcc/avr/4.5.3/../../../avr/lib/avr5/libc.a(eerd_byte_atmega168.o)
                0x000039da                __eerd_byte_m168
 .text.avr-libc
                0x000039ea       0x1c /usr/lib/gcc/avr/4.5.3/../../../avr/lib/avr5/libc.a(eewr_byte_atmega168.o)
                0x000039ea                __eewr_byte_m168
                0x000039ec                __eewr_r18_m168
 .text.avr-libc
                0x00003a06       0x16 /usr/lib/gcc/avr/4.5.3/../../../avr/lib/avr5/libc.a(strnlen_P.o)
                0x00003a06                strnlen_P
 .text.avr-libc
                0x00003a1c       0x16 /usr/lib/gcc/avr/4.5.3/../../../avr/lib/avr5/libc.a(strnlen.o)
                0x00003a1c                strnlen
 .text.avr-libc
                0x00003a32       0x58 /usr/lib/gcc/avr/4.5.3/../../../avr/lib/avr5/libc.a(fputc.o)
                0x00003a32                fputc
 .text.avr-libc
                0x00003a8a       0xbc /usr/lib/gcc/avr/4.5.3/../../../avr/lib/avr5/libc.a(ultoa_invert.o)
                0x00003a8a                __ultoa_invert
 .text.libgcc   0x00003b46       0x38 /usr/lib/gcc/avr/4.5.3/avr5/libgcc.a(_prologue.o)
                0x00003b46                __prologue_saves__
 .text.libgcc   0x00003b7e       0x36 /usr/lib/gcc/avr/4.5.3/avr5/libgcc.a(_epilogue.o)
                0x00003b7e                __epilogue_restores__
                0x00003bb4                . = ALIGN (0x2)
 *(.fini9)
 .fini9         0x00003bb4        0x0 /usr/lib/gcc/avr/4.5.3/avr5/libgcc.a(_exit.o)
                0x00003bb4                exit
                0x00003bb4                _exit
 *(.fini9)
 *(.fini8)
 *(.fini8)
 *(.fini7)
 *(.fini7)
 *(.fini6)
 *(.fini6)
 *(.fini5)
 *(.fini5)
 *(.fini4)
 *(.fini4)
 *(.fini3)
 *(.fini3)
 *(.fini2)
 *(.fini2)
 *(.fini1)
 *(.fini1)
 *(.fini0)
 .fini0         0x00003bb4        0x4 /usr/lib/gcc/avr/4.5.3/avr5/libgcc.a(_exit.o)
 *(.fini0)
                0x00003bb8                _etext = .

.data           0x00800100       0x36 load address 0x00003bb8
                0x00800100                PROVIDE (__data_start, .)
 *(.data)
 .data          0x00800100        0x0 /usr/lib/gcc/avr/4.5.3/../../../avr/lib/avr5/crtm168.o
 .data          0x00800100       0x30 ./main.o
                0x00800100                menu
                0x00800106                tune_rate
                0x00800107                tune_step
                0x00800109                tune_freq_step
                0x0080010a                allow_sleep
 .data          0x00800130        0x0 /usr/lib/gcc/avr/4.5.3/avr5/libgcc.a(_mulsi3.o)
 .data          0x00800130        0x0 /usr/lib/gcc/avr/4.5.3/avr5/libgcc.a(_udivmodhi4.o)
 .data          0x00800130        0x0 /usr/lib/gcc/avr/4.5.3/avr5/libgcc.a(_divmodhi4.o)
 .data          0x00800130        0x0 /usr/lib/gcc/avr/4.5.3/avr5/libgcc.a(_udivmodsi4.o)
 .data          0x00800130        0x0 /usr/lib/gcc/avr/4.5.3/avr5/libgcc.a(_exit.o)
 .data          0x00800130        0x0 /usr/lib/gcc/avr/4.5.3/avr5/libgcc.a(_copy_data.o)
 .data          0x00800130        0x0 /usr/lib/gcc/avr/4.5.3/avr5/libgcc.a(_clear_bss.o)
 .data          0x00800130        0x6 /usr/lib/gcc/avr/4.5.3/../../../avr/lib/avr5/libc.a(malloc.o)
                0x00800130                __malloc_margin
                0x00800132                __malloc_heap_start
                0x00800134                __malloc_heap_end
 .data          0x00800136        0x0 /usr/lib/gcc/avr/4.5.3/../../../avr/lib/avr5/libc.a(memcpy.o)
 .data          0x00800136        0x0 /usr/lib/gcc/avr/4.5.3/../../../avr/lib/avr5/libc.a(memset.o)
 .data          0x00800136        0x0 /usr/lib/gcc/avr/4.5.3/../../../avr/lib/avr5/libc.a(strcpy.o)
 .data          0x00800136        0x0 /usr/lib/gcc/avr/4.5.3/../../../avr/lib/avr5/libc.a(strupr.o)
 .data          0x00800136        0x0 /usr/lib/gcc/avr/4.5.3/../../../avr/lib/avr5/libc.a(sprintf.o)
 .data          0x00800136        0x0 /usr/lib/gcc/avr/4.5.3/../../../avr/lib/avr5/libc.a(vfprintf_std.o)
 .data          0x00800136        0x0 /usr/lib/gcc/avr/4.5.3/../../../avr/lib/avr5/libc.a(eerd_block_atmega168.o)
 .data          0x00800136        0x0 /usr/lib/gcc/avr/4.5.3/../../../avr/lib/avr5/libc.a(eerd_byte_atmega168.o)
 .data          0x00800136        0x0 /usr/lib/gcc/avr/4.5.3/../../../avr/lib/avr5/libc.a(eewr_byte_atmega168.o)
 .data          0x00800136        0x0 /usr/lib/gcc/avr/4.5.3/../../../avr/lib/avr5/libc.a(strnlen_P.o)
 .data          0x00800136        0x0 /usr/lib/gcc/avr/4.5.3/../../../avr/lib/avr5/libc.a(strnlen.o)
 .data          0x00800136        0x0 /usr/lib/gcc/avr/4.5.3/../../../avr/lib/avr5/libc.a(fputc.o)
 .data          0x00800136        0x0 /usr/lib/gcc/avr/4.5.3/../../../avr/lib/avr5/libc.a(ultoa_invert.o)
 .data          0x00800136        0x0 /usr/lib/gcc/avr/4.5.3/avr5/libgcc.a(_prologue.o)
 .data          0x00800136        0x0 /usr/lib/gcc/avr/4.5.3/avr5/libgcc.a(_epilogue.o)
 *(.data*)
 *(.rodata)
 *(.rodata*)
 *(.gnu.linkonce.d*)
                0x00800136                . = ALIGN (0x2)
                0x00800136                _edata = .
                0x00800136                PROVIDE (__data_end, .)

.bss            0x00800136       0xb4
                0x00800136                PROVIDE (__bss_start, .)
 *(.bss)
 .bss           0x00800136        0x0 /usr/lib/gcc/avr/4.5.3/../../../avr/lib/avr5/crtm168.o
 .bss           0x00800136       0x2d ./main.o
                0x00800136                sidetone_on
                0x00800137                mute_on
                0x00800138                key_down
                0x00800139                fc_done
 .bss           0x00800163        0x0 /usr/lib/gcc/avr/4.5.3/avr5/libgcc.a(_mulsi3.o)
 .bss           0x00800163        0x0 /usr/lib/gcc/avr/4.5.3/avr5/libgcc.a(_udivmodhi4.o)
 .bss           0x00800163        0x0 /usr/lib/gcc/avr/4.5.3/avr5/libgcc.a(_divmodhi4.o)
 .bss           0x00800163        0x0 /usr/lib/gcc/avr/4.5.3/avr5/libgcc.a(_udivmodsi4.o)
 .bss           0x00800163        0x0 /usr/lib/gcc/avr/4.5.3/avr5/libgcc.a(_exit.o)
 .bss           0x00800163        0x0 /usr/lib/gcc/avr/4.5.3/avr5/libgcc.a(_copy_data.o)
 .bss           0x00800163        0x0 /usr/lib/gcc/avr/4.5.3/avr5/libgcc.a(_clear_bss.o)
 .bss           0x00800163        0x0 /usr/lib/gcc/avr/4.5.3/../../../avr/lib/avr5/libc.a(malloc.o)
 .bss           0x00800163        0x0 /usr/lib/gcc/avr/4.5.3/../../../avr/lib/avr5/libc.a(memcpy.o)
 .bss           0x00800163        0x0 /usr/lib/gcc/avr/4.5.3/../../../avr/lib/avr5/libc.a(memset.o)
 .bss           0x00800163        0x0 /usr/lib/gcc/avr/4.5.3/../../../avr/lib/avr5/libc.a(strcpy.o)
 .bss           0x00800163        0x0 /usr/lib/gcc/avr/4.5.3/../../../avr/lib/avr5/libc.a(strupr.o)
 .bss           0x00800163        0x0 /usr/lib/gcc/avr/4.5.3/../../../avr/lib/avr5/libc.a(sprintf.o)
 .bss           0x00800163        0x0 /usr/lib/gcc/avr/4.5.3/../../../avr/lib/avr5/libc.a(vfprintf_std.o)
 .bss           0x00800163        0x0 /usr/lib/gcc/avr/4.5.3/../../../avr/lib/avr5/libc.a(eerd_block_atmega168.o)
 .bss           0x00800163        0x0 /usr/lib/gcc/avr/4.5.3/../../../avr/lib/avr5/libc.a(eerd_byte_atmega168.o)
 .bss           0x00800163        0x0 /usr/lib/gcc/avr/4.5.3/../../../avr/lib/avr5/libc.a(eewr_byte_atmega168.o)
 .bss           0x00800163        0x0 /usr/lib/gcc/avr/4.5.3/../../../avr/lib/avr5/libc.a(strnlen_P.o)
 .bss           0x00800163        0x0 /usr/lib/gcc/avr/4.5.3/../../../avr/lib/avr5/libc.a(strnlen.o)
 .bss           0x00800163        0x0 /usr/lib/gcc/avr/4.5.3/../../../avr/lib/avr5/libc.a(fputc.o)
 .bss           0x00800163        0x0 /usr/lib/gcc/avr/4.5.3/../../../avr/lib/avr5/libc.a(ultoa_invert.o)
 .bss           0x00800163        0x0 /usr/lib/gcc/avr/4.5.3/avr5/libgcc.a(_prologue.o)
 .bss           0x00800163        0x0 /usr/lib/gcc/avr/4.5.3/avr5/libgcc.a(_epilogue.o)
 *(.bss*)
 *(COMMON)
 COMMON         0x00800163       0x83 ./main.o
                0x00800163                enc_a
                0x00800164                cur_timer
                0x00800168                st_sine_lookup
                0x00800169                default_mode
                0x0080016a                timer
                0x0080016e                prev_state
                0x0080016f                dit_length
                0x00800171                msg_buffer
                0x0080019a                st_phase_acc
                0x0080019e                cur_mode
                0x0080019f                freq
                0x008001a3                next_state
                0x008001a4                tx_start
                0x008001a8                dds_freq_word
                0x008001ac                st_tune_word
                0x008001b0                prev_state_end
                0x008001b4                prev_mode
                0x008001b5                port_d_latch
                0x008001b6                st_freq
                0x008001b8                dds_rit_freq_word
                0x008001bc                dah_active
                0x008001bd                msg_btn
                0x008001be                both_btn
                0x008001bf                cmd_btn
                0x008001c0                cur_state
                0x008001c1                ind
                0x008001c2                port_b_latch
                0x008001c3                prev_st_freq
                0x008001c5                sleep_timer
                0x008001c9                enc_btn
                0x008001ca                cur_state_end
                0x008001ce                mute_end
                0x008001d2                dit_active
                0x008001d3                pwm_delay
                0x008001d4                tune_freq
                0x008001d8                wpm
                0x008001d9                mute_start
                0x008001dd                announce_buffer
                0x008001df                tx_end
                0x008001e3                enc_b
                0x008001e4                rit_enable
                0x008001e5                prev_wpm
 COMMON         0x008001e6        0x4 /usr/lib/gcc/avr/4.5.3/../../../avr/lib/avr5/libc.a(malloc.o)
                0x008001e6                __brkval
                0x008001e8                __flp
                0x008001ea                PROVIDE (__bss_end, .)
                0x00003bb8                __data_load_start = LOADADDR (.data)
                0x00003bee                __data_load_end = (__data_load_start + SIZEOF (.data))

.noinit         0x008001ea        0x0
                0x008001ea                PROVIDE (__noinit_start, .)
 *(.noinit*)
                0x008001ea                PROVIDE (__noinit_end, .)
                0x008001ea                _end = .
                0x008001ea                PROVIDE (__heap_start, .)

.eeprom         0x00810000       0x2a
 *(.eeprom*)
 .eeprom        0x00810000       0x2a ./main.o
                0x00810000                ee_wpm
                0x00810001                ee_keyer
                0x00810002                ee_msg_mem_1
                0x0081002a                __eeprom_end = .

.fuse
 *(.fuse)
 *(.lfuse)
 *(.hfuse)
 *(.efuse)

.lock
 *(.lock*)

.signature
 *(.signature*)

.stab           0x00000000     0x567c
 *(.stab)
 .stab          0x00000000      0x6cc /usr/lib/gcc/avr/4.5.3/../../../avr/lib/avr5/crtm168.o
 .stab          0x000006cc     0x2fb8 ./main.o
                               0x2fc4 (size before relaxing)
 .stab          0x00003684      0x750 /usr/lib/gcc/avr/4.5.3/../../../avr/lib/avr5/libc.a(malloc.o)
                                0x75c (size before relaxing)
 .stab          0x00003dd4       0x84 /usr/lib/gcc/avr/4.5.3/../../../avr/lib/avr5/libc.a(memcpy.o)
                                 0x90 (size before relaxing)
 .stab          0x00003e58       0x6c /usr/lib/gcc/avr/4.5.3/../../../avr/lib/avr5/libc.a(memset.o)
                                 0x78 (size before relaxing)
 .stab          0x00003ec4       0x6c /usr/lib/gcc/avr/4.5.3/../../../avr/lib/avr5/libc.a(strcpy.o)
                                 0x78 (size before relaxing)
 .stab          0x00003f30       0x90 /usr/lib/gcc/avr/4.5.3/../../../avr/lib/avr5/libc.a(strupr.o)
                                 0x9c (size before relaxing)
 .stab          0x00003fc0      0x210 /usr/lib/gcc/avr/4.5.3/../../../avr/lib/avr5/libc.a(sprintf.o)
                                0x3d8 (size before relaxing)
 .stab          0x000041d0      0xa98 /usr/lib/gcc/avr/4.5.3/../../../avr/lib/avr5/libc.a(vfprintf_std.o)
                                0xcd8 (size before relaxing)
 .stab          0x00004c68      0x108 /usr/lib/gcc/avr/4.5.3/../../../avr/lib/avr5/libc.a(eerd_block_atmega168.o)
                                0x114 (size before relaxing)
 .stab          0x00004d70       0x90 /usr/lib/gcc/avr/4.5.3/../../../avr/lib/avr5/libc.a(eerd_byte_atmega168.o)
                                 0x9c (size before relaxing)
 .stab          0x00004e00       0xe4 /usr/lib/gcc/avr/4.5.3/../../../avr/lib/avr5/libc.a(eewr_byte_atmega168.o)
                                 0xf0 (size before relaxing)
 .stab          0x00004ee4       0x9c /usr/lib/gcc/avr/4.5.3/../../../avr/lib/avr5/libc.a(strnlen_P.o)
                                 0xa8 (size before relaxing)
 .stab          0x00004f80       0x9c /usr/lib/gcc/avr/4.5.3/../../../avr/lib/avr5/libc.a(strnlen.o)
                                 0xa8 (size before relaxing)
 .stab          0x0000501c      0x1e0 /usr/lib/gcc/avr/4.5.3/../../../avr/lib/avr5/libc.a(fputc.o)
                                0x3c0 (size before relaxing)
 .stab          0x000051fc      0x480 /usr/lib/gcc/avr/4.5.3/../../../avr/lib/avr5/libc.a(ultoa_invert.o)
                                0x48c (size before relaxing)

.stabstr        0x00000000     0x22f0
 *(.stabstr)
 .stabstr       0x00000000     0x22f0 /usr/lib/gcc/avr/4.5.3/../../../avr/lib/avr5/crtm168.o

.stab.excl
 *(.stab.excl)

.stab.exclstr
 *(.stab.exclstr)

.stab.index
 *(.stab.index)

.stab.indexstr
 *(.stab.indexstr)

.comment
 *(.comment)

.debug
 *(.debug)

.line
 *(.line)

.debug_srcinfo
 *(.debug_srcinfo)

.debug_sfnames
 *(.debug_sfnames)

.debug_aranges
 *(.debug_aranges)

.debug_pubnames
 *(.debug_pubnames)

.debug_info
 *(.debug_info)
 *(.gnu.linkonce.wi.*)

.debug_abbrev
 *(.debug_abbrev)

.debug_line
 *(.debug_line)

.debug_frame
 *(.debug_frame)

.debug_str
 *(.debug_str)

.debug_loc
 *(.debug_loc)

.debug_macinfo
 *(.debug_macinfo)
OUTPUT(cc-series.elf elf32-avr)
LOAD linker stubs
